\BOOKMARK [1][-]{section.1}{\376\377\000N\000u\000e\000v\000o\000\040\000c\000a\000f\000\351\000:\000\040\000P\000l\000u\000m\000a\000\040\000H\000i\000d\000a\000l\000g\000o\000\040\000\050\000O\000a\000x\000a\000c\000a\000\051}{}% 1
\BOOKMARK [1][-]{section.2}{\376\377\000P\000a\000s\000t\000i\000l\000a\000s\000\040\000p\000a\000r\000a\000\040\000r\000e\000f\000l\000e\000c\000t\000a\000n\000c\000i\000a\000\040\000y\000\040\000f\000l\000u\000o\000r\000e\000s\000c\000e\000n\000c\000i\000a}{}% 2
\BOOKMARK [1][-]{section.3}{\376\377\000E\000x\000t\000r\000a\000c\000c\000i\000\363\000n\000\040\000P\000l\000u\000m\000a\000\040\000H\000i\000d\000a\000l\000g\000o}{}% 3
\BOOKMARK [2][-]{subsection.3.1}{\376\377\000P\000e\000s\000o\000s\000\040\000a\000p\000r\000o\000x\000i\000m\000a\000d\000o\000s\000\040\000e\000n\000\040\000l\000a\000\040\000b\000a\000l\000a\000n\000z\000a}{section.3}% 4
\BOOKMARK [1][-]{section.4}{\376\377\000E\000c\000u\000a\000c\000i\000\363\000n\000\040\000d\000e\000\040\000c\000o\000n\000c\000e\000n\000t\000r\000a\000c\000i\000\363\000n\000\040\000m\000a\000s\000a\000\040\000-\000\040\000v\000o\000l\000u\000m\000e\000n}{}% 5
\BOOKMARK [2][-]{subsection.4.1}{\376\377\000E\000j\000e\000m\000p\000l\000o\000\040\000p\000r\000\341\000c\000t\000i\000c\000o\000\040\000p\000a\000r\000a\000\040\0001\0008\000g}{section.4}% 6
\BOOKMARK [2][-]{subsection.4.2}{\376\377\000B\000r\000e\000w\000\040\000r\000a\000t\000i\000o\000\040\000\050\000r\000e\000l\000a\000c\000i\000\363\000n\000\040\000c\000a\000f\000\351\000:\000\040\000a\000g\000u\000a\000\051}{section.4}% 7
\BOOKMARK [2][-]{subsection.4.3}{\376\377\000C\000a\000s\000o\000\040\000e\000n\000\040\000d\000o\000n\000d\000e\000\040\000t\000e\000n\000g\000a\000m\000o\000s\000\040\000p\000o\000c\000o\000\040\000c\000a\000f\000\351}{section.4}% 8
\BOOKMARK [1][-]{section.5}{\376\377\000E\000x\000t\000r\000a\000c\000c\000i\000\363\000n\000\040\000C\000a\000f\000\351\000\040\000C\000o\000l\000o\000m\000b\000i\000a\000\040\000s\000e\000l\000e\000c\000t\000o}{}% 9
\BOOKMARK [2][-]{subsection.5.1}{\376\377\000E\000m\000p\000l\000e\000o\000\040\000d\000e\000\040\000l\000a\000\040\000e\000c\000u\000a\000c\000i\000\363\000n\000\040\000d\000e\000\040\000c\000o\000n\000c\000e\000n\000t\000r\000a\000c\000i\000\363\000n\000\040\000m\000a\000s\000a\000\040\000-\000\040\000v\000o\000l\000u\000m\000e\000n\000\040\000\050\000n\000o\000\040\000h\000a\000y\000\040\000s\000u\000f\000i\000c\000i\000e\000n\000t\000e\000\040\000c\000a\000f\000\351\000\051}{section.5}% 10
\BOOKMARK [1][-]{section.6}{\376\377\000E\000x\000t\000r\000a\000c\000c\000i\000\363\000n\000\040\000C\000a\000f\000\351\000\040\000d\000e\000\040\000P\000a\000h\000u\000a\000t\000l\000\341\000n\000\040\000\050\000P\000u\000e\000b\000l\000a\000\051}{}% 11
\BOOKMARK [2][-]{subsection.6.1}{\376\377\000P\000e\000s\000o\000s\000\040\000a\000p\000r\000o\000x\000i\000m\000a\000d\000o\000s\000\040\000e\000n\000\040\000l\000a\000\040\000b\000a\000l\000a\000n\000z\000a}{section.6}% 12
\BOOKMARK [2][-]{subsection.6.2}{\376\377\000E\000x\000t\000r\000a\000c\000c\000i\000\363\000n\000\040\000e\000n\000\040\000p\000r\000e\000n\000s\000a\000\040\000f\000r\000a\000n\000c\000e\000s\000a}{section.6}% 13
\BOOKMARK [3][-]{subsubsection.6.2.1}{\376\377\000R\000a\000t\000i\000o\000s\000\040\000d\000e\000\040\000c\000a\000d\000a\000\040\000g\000r\000a\000m\000a\000j\000e}{subsection.6.2}% 14
\BOOKMARK [2][-]{subsection.6.3}{\376\377\000P\000e\000s\000o\000s\000\040\000a\000p\000r\000o\000x\000i\000m\000a\000d\000o\000s\000\040\000e\000n\000\040\000l\000a\000\040\000b\000a\000l\000a\000n\000z\000a}{section.6}% 15
\BOOKMARK [1][-]{section.7}{\376\377\000E\000x\000t\000r\000a\000c\000c\000i\000\363\000n\000\040\000C\000o\000l\000o\000m\000b\000i\000a\000\040\000g\000o\000u\000r\000m\000e\000t\000\040\000\050\000G\000\051}{}% 16
\BOOKMARK [2][-]{subsection.7.1}{\376\377\000E\000m\000p\000l\000e\000o\000\040\000d\000e\000\040\000l\000a\000\040\000e\000c\000u\000a\000c\000i\000\363\000n\000\040\000d\000e\000\040\000c\000o\000n\000c\000e\000n\000t\000r\000a\000c\000i\000\363\000n\000\040\000m\000a\000s\000a\000\040\000-\000\040\000v\000o\000l\000u\000m\000e\000n\000\040\000\050\000n\000o\000\040\000h\000a\000y\000\040\000s\000u\000f\000i\000c\000i\000e\000n\000t\000e\000\040\000c\000a\000f\000\351\000\051}{section.7}% 17
\BOOKMARK [1][-]{section.8}{\376\377\000P\000r\000u\000e\000b\000a\000s\000\040\000f\000u\000t\000u\000r\000a\000s\000\040\000y\000\040\000r\000u\000t\000a\000\040\000d\000e\000\040\000t\000r\000a\000b\000a\000j\000o\000\040\000p\000o\000s\000t\000e\000r\000i\000o\000r}{}% 18
\BOOKMARK [2][-]{subsection.8.1}{\376\377\000S\000e\000g\000u\000i\000r\000\040\000a\000n\000a\000l\000i\000z\000a\000n\000d\000o\000\040\000l\000o\000s\000\040\000d\000a\000t\000o\000s\000\040\000y\000a\000\040\000s\000e\000a\000\040\000c\000o\000n\000\040\000O\000r\000i\000g\000i\000n\000\040\000o\000\040\000P\000y\000t\000h\000o\000n\000.\000\040\000M\000L\000\040\000d\000e\000\040\000L\000i\000z\000e\000t\000h\000\040\000m\000u\000y\000\040\000b\000u\000e\000n\000o}{section.8}% 19
\BOOKMARK [2][-]{subsection.8.2}{\376\377\000R\000e\000u\000n\000i\000r\000n\000o\000s\000\040\000c\000o\000n\000\040\000e\000l\000\040\000D\000r\000.\000\040\000P\000a\000l\000o\000m\000i\000n\000o\000\040\000p\000a\000r\000a\000\040\000l\000a\000s\000\040\000m\000e\000d\000i\000c\000i\000o\000n\000e\000s\000\040\000d\000e\000\040\000r\000e\000f\000l\000e\000c\000t\000a\000n\000c\000i\000a\000\040\000y\000\040\000f\000l\000u\000o\000r\000e\000s\000c\000e\000n\000c\000i\000a}{section.8}% 20
\BOOKMARK [2][-]{subsection.8.3}{\376\377\000P\000o\000s\000i\000b\000l\000e\000\040\000m\000e\000d\000i\000c\000i\000\363\000n\000\040\000d\000e\000\040\000d\000i\000f\000r\000a\000c\000c\000i\000\363\000n\000\040\000d\000e\000\040\000r\000a\000y\000o\000s\000\040\000X}{section.8}% 21
\BOOKMARK [2][-]{subsection.8.4}{\376\377\000P\000r\000u\000e\000b\000a\000s\000\040\000f\000u\000t\000u\000r\000a\000s\000:\000\040\000c\000o\000n\000t\000e\000n\000i\000d\000o\000\040\000d\000e\000\040\000a\000z\000\372\000c\000a\000r\000\040\000u\000s\000a\000n\000d\000o\000\040\000u\000n\000\040\000r\000e\000f\000r\000a\000c\000t\000r\000\363\000m\000e\000t\000r\000o}{section.8}% 22
\BOOKMARK [2][-]{subsection.8.5}{\376\377\000\277\000Q\000u\000\351\000\040\000p\000r\000o\000c\000e\000s\000o\000\040\000d\000e\000\040\000c\000a\000f\000\351\000\040\000e\000s\000\040\000p\000r\000e\000f\000e\000r\000i\000b\000l\000e\000\040\000a\000d\000q\000u\000i\000r\000i\000r\000?\000\040\000L\000a\000v\000a\000d\000o\000,\000\040\000h\000o\000n\000e\000y\000\040\000o\000\040\000n\000a\000t\000u\000r\000a\000l}{section.8}% 23
\BOOKMARK [2][-]{subsection.8.6}{\376\377\000N\000e\000c\000e\000s\000i\000t\000a\000m\000o\000s\000\040\000u\000n\000\040\000m\000e\000d\000i\000d\000o\000r\000\040\000d\000e\000\040\000t\000e\000m\000p\000e\000r\000a\000t\000u\000r\000a}{section.8}% 24
\BOOKMARK [2][-]{subsection.8.7}{\376\377\000E\000s\000p\000e\000c\000t\000r\000o\000s\000c\000o\000p\000\355\000a\000\040\000i\000n\000f\000r\000a\000r\000r\000o\000j\000a}{section.8}% 25
\BOOKMARK [2][-]{subsection.8.8}{\376\377\000B\000a\000n\000d\000a\000s\000\040\000d\000e\000\040\000e\000s\000p\000e\000c\000t\000r\000o\000s\000c\000o\000p\000\355\000a\000\040\000R\000a\000m\000a\000n}{section.8}% 26
\BOOKMARK [1][-]{section.9}{\376\377\000E\000x\000t\000r\000a\000c\000c\000i\000\363\000n\000\040\000T\000a\000n\000c\000\355\000t\000a\000r\000o\000\040\000-\000\040\000M\000i\000c\000h\000o\000a\000c\000\341\000n\000\040\000\050\000F\000e\000c\000h\000a\000:\000\040\0001\0005\000/\0001\0000\000/\0002\0000\0002\0005\000\051}{}% 27
\BOOKMARK [2][-]{subsection.9.1}{\376\377\000G\000r\000a\000m\000a\000j\000e\000s}{section.9}% 28
\BOOKMARK [2][-]{subsection.9.2}{\376\377\000R\000e\000s\000u\000l\000t\000a\000d\000o\000s\000\040\000d\000e\000\040\000l\000a\000s\000\040\000e\000x\000t\000r\000a\000c\000c\000i\000o\000n\000e\000s}{section.9}% 29
\BOOKMARK [3][-]{subsubsection.9.2.1}{\376\377\000M\000o\000l\000i\000e\000n\000d\000a}{subsection.9.2}% 30
\BOOKMARK [3][-]{subsubsection.9.2.2}{\376\377\0007\000.\0005\000g}{subsection.9.2}% 31
\BOOKMARK [3][-]{subsubsection.9.2.3}{\376\377\0001\0005\000g}{subsection.9.2}% 32
\BOOKMARK [3][-]{subsubsection.9.2.4}{\376\377\0001\0008\000g}{subsection.9.2}% 33
\BOOKMARK [3][-]{subsubsection.9.2.5}{\376\377\0002\0002\000.\0005\000g}{subsection.9.2}% 34
\BOOKMARK [1][-]{section.10}{\376\377\000E\000x\000t\000r\000a\000c\000c\000i\000\363\000n\000\040\000C\000a\000f\000\351\000\040\000d\000e\000\040\000e\000s\000p\000e\000c\000i\000a\000l\000i\000d\000a\000d\000\040\000-\000\040\000E\000s\000p\000\355\000r\000i\000t\000u\000\040\000c\000a\000f\000\351\000\040\000\050\000F\000e\000c\000h\000a\000:\000\040\0001\0006\000/\0001\0000\000/\0002\0000\0002\0005\000\051}{}% 35
\BOOKMARK [2][-]{subsection.10.1}{\376\377\000G\000r\000a\000m\000a\000j\000e\000s}{section.10}% 36
\BOOKMARK [2][-]{subsection.10.2}{\376\377\000R\000e\000s\000u\000l\000t\000a\000d\000o\000s\000\040\000d\000e\000\040\000l\000a\000s\000\040\000e\000x\000t\000r\000a\000c\000c\000i\000o\000n\000e\000s}{section.10}% 37
\BOOKMARK [3][-]{subsubsection.10.2.1}{\376\377\000M\000o\000l\000i\000e\000n\000d\000a}{subsection.10.2}% 38
\BOOKMARK [3][-]{subsubsection.10.2.2}{\376\377\0007\000.\0005\000g}{subsection.10.2}% 39
\BOOKMARK [3][-]{subsubsection.10.2.3}{\376\377\0001\0005\000g}{subsection.10.2}% 40
\BOOKMARK [3][-]{subsubsection.10.2.4}{\376\377\0001\0008\000g}{subsection.10.2}% 41
\BOOKMARK [3][-]{subsubsection.10.2.5}{\376\377\0002\0002\000.\0005\000g}{subsection.10.2}% 42
